// Bun Snapshot v1, https://goo.gl/fbAQLP

exports[`identifiers 1`] = `
{
  "compiler": {
    "ddlQueryType": {
      "list": IdentifierObject {
        "emitNode": undefined,
        "end": -1,
        "escapedText": "ListQuery",
        "flags": 16,
        "flowNode": undefined,
        "id": 0,
        "jsDoc": undefined,
        "kind": 80,
        "parent": undefined,
        "pos": -1,
        "symbol": undefined,
        "transformFlags": 0,
      },
    },
    "dmlQueryType": {
      "add": IdentifierObject {
        "emitNode": undefined,
        "end": -1,
        "escapedText": "AddQuery",
        "flags": 16,
        "flowNode": undefined,
        "id": 0,
        "jsDoc": undefined,
        "kind": 80,
        "parent": undefined,
        "pos": -1,
        "symbol": undefined,
        "transformFlags": 0,
      },
      "count": IdentifierObject {
        "emitNode": undefined,
        "end": -1,
        "escapedText": "CountQuery",
        "flags": 16,
        "flowNode": undefined,
        "id": 0,
        "jsDoc": undefined,
        "kind": 80,
        "parent": undefined,
        "pos": -1,
        "symbol": undefined,
        "transformFlags": 0,
      },
      "get": IdentifierObject {
        "emitNode": undefined,
        "end": -1,
        "escapedText": "GetQuery",
        "flags": 16,
        "flowNode": undefined,
        "id": 0,
        "jsDoc": undefined,
        "kind": 80,
        "parent": undefined,
        "pos": -1,
        "symbol": undefined,
        "transformFlags": 0,
      },
      "remove": IdentifierObject {
        "emitNode": undefined,
        "end": -1,
        "escapedText": "RemoveQuery",
        "flags": 16,
        "flowNode": undefined,
        "id": 0,
        "jsDoc": undefined,
        "kind": 80,
        "parent": undefined,
        "pos": -1,
        "symbol": undefined,
        "transformFlags": 0,
      },
      "set": IdentifierObject {
        "emitNode": undefined,
        "end": -1,
        "escapedText": "SetQuery",
        "flags": 16,
        "flowNode": undefined,
        "id": 0,
        "jsDoc": undefined,
        "kind": 80,
        "parent": undefined,
        "pos": -1,
        "symbol": undefined,
        "transformFlags": 0,
      },
    },
    "model": IdentifierObject {
      "emitNode": undefined,
      "end": -1,
      "escapedText": "Model",
      "flags": 16,
      "flowNode": undefined,
      "id": 0,
      "jsDoc": undefined,
      "kind": 80,
      "parent": undefined,
      "pos": -1,
      "symbol": undefined,
      "transformFlags": 0,
    },
    "module": {
      "root": IdentifierObject {
        "emitNode": undefined,
        "end": -1,
        "escapedText": ""shiro-compiler"",
        "flags": 16,
        "flowNode": undefined,
        "id": 0,
        "jsDoc": undefined,
        "kind": 80,
        "parent": undefined,
        "pos": -1,
        "symbol": undefined,
        "transformFlags": 0,
      },
    },
    "storedObject": IdentifierObject {
      "emitNode": undefined,
      "end": -1,
      "escapedText": "StoredObject",
      "flags": 16,
      "flowNode": undefined,
      "id": 0,
      "jsDoc": undefined,
      "kind": 80,
      "parent": undefined,
      "pos": -1,
      "symbol": undefined,
      "transformFlags": 0,
    },
  },
  "primitive": {
    "array": IdentifierObject {
      "emitNode": undefined,
      "end": -1,
      "escapedText": "Array",
      "flags": 16,
      "flowNode": undefined,
      "id": 0,
      "jsDoc": undefined,
      "kind": 80,
      "parent": undefined,
      "pos": -1,
      "symbol": undefined,
      "transformFlags": 0,
    },
    "date": IdentifierObject {
      "emitNode": undefined,
      "end": -1,
      "escapedText": "Date",
      "flags": 16,
      "flowNode": undefined,
      "id": 0,
      "jsDoc": undefined,
      "kind": 80,
      "parent": undefined,
      "pos": -1,
      "symbol": undefined,
      "transformFlags": 0,
    },
    "promise": IdentifierObject {
      "emitNode": undefined,
      "end": -1,
      "escapedText": "Promise",
      "flags": 16,
      "flowNode": undefined,
      "id": 0,
      "jsDoc": undefined,
      "kind": 80,
      "parent": undefined,
      "pos": -1,
      "symbol": undefined,
      "transformFlags": 0,
    },
    "record": IdentifierObject {
      "emitNode": undefined,
      "end": -1,
      "escapedText": "Record",
      "flags": 16,
      "flowNode": undefined,
      "id": 0,
      "jsDoc": undefined,
      "kind": 80,
      "parent": undefined,
      "pos": -1,
      "symbol": undefined,
      "transformFlags": 0,
    },
  },
  "ronin": {
    "createSyntaxFactory": IdentifierObject {
      "emitNode": undefined,
      "end": -1,
      "escapedText": "createSyntaxFactory",
      "flags": 16,
      "flowNode": undefined,
      "id": 0,
      "jsDoc": undefined,
      "kind": 80,
      "parent": undefined,
      "pos": -1,
      "symbol": undefined,
      "transformFlags": 0,
    },
    "module": {
      "root": IdentifierObject {
        "emitNode": undefined,
        "end": -1,
        "escapedText": ""shiro-orm"",
        "flags": 16,
        "flowNode": undefined,
        "id": 0,
        "jsDoc": undefined,
        "kind": 80,
        "parent": undefined,
        "pos": -1,
        "symbol": undefined,
        "transformFlags": 0,
      },
      "types": IdentifierObject {
        "emitNode": undefined,
        "end": -1,
        "escapedText": ""shiro-orm/types"",
        "flags": 16,
        "flowNode": undefined,
        "id": 0,
        "jsDoc": undefined,
        "kind": 80,
        "parent": undefined,
        "pos": -1,
        "symbol": undefined,
        "transformFlags": 0,
      },
    },
    "promiseTuple": IdentifierObject {
      "emitNode": undefined,
      "end": -1,
      "escapedText": "PromiseTuple",
      "flags": 16,
      "flowNode": undefined,
      "id": 0,
      "jsDoc": undefined,
      "kind": 80,
      "parent": undefined,
      "pos": -1,
      "symbol": undefined,
      "transformFlags": 0,
    },
    "queryHandlerOptions": IdentifierObject {
      "emitNode": undefined,
      "end": -1,
      "escapedText": "QueryHandlerOptions",
      "flags": 16,
      "flowNode": undefined,
      "id": 0,
      "jsDoc": undefined,
      "kind": 80,
      "parent": undefined,
      "pos": -1,
      "symbol": undefined,
      "transformFlags": 0,
    },
  },
  "syntax": {
    "deepCallable": IdentifierObject {
      "emitNode": undefined,
      "end": -1,
      "escapedText": "DeepCallable",
      "flags": 16,
      "flowNode": undefined,
      "id": 0,
      "jsDoc": undefined,
      "kind": 80,
      "parent": undefined,
      "pos": -1,
      "symbol": undefined,
      "transformFlags": 0,
    },
    "module": {
      "queries": IdentifierObject {
        "emitNode": undefined,
        "end": -1,
        "escapedText": ""shiro-syntax/queries"",
        "flags": 16,
        "flowNode": undefined,
        "id": 0,
        "jsDoc": undefined,
        "kind": 80,
        "parent": undefined,
        "pos": -1,
        "symbol": undefined,
        "transformFlags": 0,
      },
    },
    "resultRecord": IdentifierObject {
      "emitNode": undefined,
      "end": -1,
      "escapedText": "ResultRecord",
      "flags": 16,
      "flowNode": undefined,
      "id": 0,
      "jsDoc": undefined,
      "kind": 80,
      "parent": undefined,
      "pos": -1,
      "symbol": undefined,
      "transformFlags": 0,
    },
  },
  "utils": {
    "all": IdentifierObject {
      "emitNode": undefined,
      "end": -1,
      "escapedText": "all",
      "flags": 16,
      "flowNode": undefined,
      "id": 0,
      "jsDoc": undefined,
      "kind": 80,
      "parent": undefined,
      "pos": -1,
      "symbol": undefined,
      "transformFlags": 0,
    },
    "jsonArray": IdentifierObject {
      "emitNode": undefined,
      "end": -1,
      "escapedText": "JsonArray",
      "flags": 16,
      "flowNode": undefined,
      "id": 0,
      "jsDoc": undefined,
      "kind": 80,
      "parent": undefined,
      "pos": -1,
      "symbol": undefined,
      "transformFlags": 0,
    },
    "jsonObject": IdentifierObject {
      "emitNode": undefined,
      "end": -1,
      "escapedText": "JsonObject",
      "flags": 16,
      "flowNode": undefined,
      "id": 0,
      "jsDoc": undefined,
      "kind": 80,
      "parent": undefined,
      "pos": -1,
      "symbol": undefined,
      "transformFlags": 0,
    },
    "jsonPrimitive": IdentifierObject {
      "emitNode": undefined,
      "end": -1,
      "escapedText": "JsonPrimitive",
      "flags": 16,
      "flowNode": undefined,
      "id": 0,
      "jsDoc": undefined,
      "kind": 80,
      "parent": undefined,
      "pos": -1,
      "symbol": undefined,
      "transformFlags": 0,
    },
    "resolveSchema": IdentifierObject {
      "emitNode": undefined,
      "end": -1,
      "escapedText": "ResolveSchema",
      "flags": 16,
      "flowNode": undefined,
      "id": 0,
      "jsDoc": undefined,
      "kind": 80,
      "parent": undefined,
      "pos": -1,
      "symbol": undefined,
      "transformFlags": 0,
    },
  },
}
`;

exports[`generic identifiers 1`] = `
{
  "key": IdentifierObject {
    "emitNode": undefined,
    "end": -1,
    "escapedText": "TKey",
    "flags": 16,
    "flowNode": undefined,
    "id": 0,
    "jsDoc": undefined,
    "kind": 80,
    "parent": undefined,
    "pos": -1,
    "symbol": undefined,
    "transformFlags": 0,
  },
  "queries": IdentifierObject {
    "emitNode": undefined,
    "end": -1,
    "escapedText": "TQueries",
    "flags": 16,
    "flowNode": undefined,
    "id": 0,
    "jsDoc": undefined,
    "kind": 80,
    "parent": undefined,
    "pos": -1,
    "symbol": undefined,
    "transformFlags": 0,
  },
  "schema": IdentifierObject {
    "emitNode": undefined,
    "end": -1,
    "escapedText": "TSchema",
    "flags": 16,
    "flowNode": undefined,
    "id": 0,
    "jsDoc": undefined,
    "kind": 80,
    "parent": undefined,
    "pos": -1,
    "symbol": undefined,
    "transformFlags": 0,
  },
  "using": IdentifierObject {
    "emitNode": undefined,
    "end": -1,
    "escapedText": "TUsing",
    "flags": 16,
    "flowNode": undefined,
    "id": 0,
    "jsDoc": undefined,
    "kind": 80,
    "parent": undefined,
    "pos": -1,
    "symbol": undefined,
    "transformFlags": 0,
  },
}
`;
