// Bun Snapshot v1, https://goo.gl/fbAQLP

exports[`import a simple import statement 1`] = `
"import { RONIN } from "ronin";
"
`;

exports[`import a type import statement 1`] = `
"import type { RONIN } from "ronin";
"
`;

exports[`import an import statement with individual type imports 1`] = `
"import { type RONIN } from "ronin";
"
`;

exports[`import an import with multiple identifiers 1`] = `
"import { Foo, Bar } from "ronin";
"
`;

exports[`import an import with mixed typed identifiers 1`] = `
"import { Foo, type Bar } from "ronin";
"
`;
