// Bun Snapshot v1, https://goo.gl/fbAQLP

exports[`generate a basic model 1`] = `
"import type { AddQuery, CountQuery, GetQuery, ListQuery, Model, RemoveQuery, SetQuery } from "shiro-compiler";
import type { DeepCallable, ResultRecord } from "shiro-syntax/queries";
import type { PromiseTuple, QueryHandlerOptions } from "ronin/types";
declare module "ronin" {
    export type Account = ResultRecord & {
        email: string;
        name: string;
    };
    export type Accounts = Array<Account> & {
        moreBefore?: string;
        moreAfter?: string;
    };
    declare const get: {
        /* Get a single account record */
        account: DeepCallable<GetQuery[keyof GetQuery], Account | null>;
        /* Get multiple account records */
        accounts: DeepCallable<GetQuery[keyof GetQuery], Accounts>;
    };
    declare const count: {
        /* Count multiple account records */
        accounts: DeepCallable<CountQuery[keyof CountQuery], number>;
    };
    declare const set: {
        /* Set a single account record */
        account: DeepCallable<SetQuery[keyof SetQuery], Account | null>;
        /* Set multiple account records */
        accounts: DeepCallable<SetQuery[keyof SetQuery], Accounts>;
    };
    declare const add: {
        /* Add a single account record */
        account: DeepCallable<AddQuery[keyof AddQuery], Account | null>;
    };
    declare const remove: {
        /* Remove a single account record */
        account: DeepCallable<RemoveQuery[keyof RemoveQuery], Account | null>;
        /* Remove multiple account records */
        accounts: DeepCallable<RemoveQuery[keyof RemoveQuery], Accounts>;
    };
    declare const batch: <TQueries extends [
        Promise,
        ...Array<Promise>
    ] | Array<Promise>>(operations: () => TQueries, queryOptions?: Record<string, unknown>) => Promise<PromiseTuple<TQueries>>;
    declare const list: {
        /* List all model definitions */
        models: DeepCallable<ListQuery[keyof ListQuery], Array<Model>>;
    };
    declare const createSyntaxFactory: (options: QueryHandlerOptions | (() => QueryHandlerOptions)) => {
        get: typeof get;
        count: typeof count;
        set: typeof set;
        add: typeof add;
        remove: typeof remove;
        list: typeof list;
        create: typeof import("ronin").create;
        alter: typeof import("ronin").alter;
        drop: typeof import("ronin").drop;
        batch: typeof import("ronin").batch;
        sql: typeof import("ronin").sql;
        sqlBatch: typeof import("ronin").sqlBatch;
    };
    export default function (options: QueryHandlerOptions | (() => QueryHandlerOptions)): {
        get: typeof get;
        count: typeof count;
        set: typeof set;
        add: typeof add;
        remove: typeof remove;
        list: typeof list;
        create: typeof import("ronin").create;
        alter: typeof import("ronin").alter;
        drop: typeof import("ronin").drop;
        batch: typeof import("ronin").batch;
        sql: typeof import("ronin").sql;
        sqlBatch: typeof import("ronin").sqlBatch;
    };
}
"
`;

exports[`generate a basic model with blob field 1`] = `
"import type { AddQuery, CountQuery, GetQuery, ListQuery, Model, RemoveQuery, SetQuery } from "shiro-compiler";
import type { StoredObject } from "shiro-compiler";
import type { DeepCallable, ResultRecord } from "shiro-syntax/queries";
import type { PromiseTuple, QueryHandlerOptions } from "ronin/types";
declare module "ronin" {
    export type Account = ResultRecord & {
        email: string;
        image: StoredObject;
        name: string;
    };
    export type Accounts = Array<Account> & {
        moreBefore?: string;
        moreAfter?: string;
    };
    declare const get: {
        /* Get a single account record */
        account: DeepCallable<GetQuery[keyof GetQuery], Account | null>;
        /* Get multiple account records */
        accounts: DeepCallable<GetQuery[keyof GetQuery], Accounts>;
    };
    declare const count: {
        /* Count multiple account records */
        accounts: DeepCallable<CountQuery[keyof CountQuery], number>;
    };
    declare const set: {
        /* Set a single account record */
        account: DeepCallable<SetQuery[keyof SetQuery], Account | null>;
        /* Set multiple account records */
        accounts: DeepCallable<SetQuery[keyof SetQuery], Accounts>;
    };
    declare const add: {
        /* Add a single account record */
        account: DeepCallable<AddQuery[keyof AddQuery], Account | null>;
    };
    declare const remove: {
        /* Remove a single account record */
        account: DeepCallable<RemoveQuery[keyof RemoveQuery], Account | null>;
        /* Remove multiple account records */
        accounts: DeepCallable<RemoveQuery[keyof RemoveQuery], Accounts>;
    };
    declare const batch: <TQueries extends [
        Promise,
        ...Array<Promise>
    ] | Array<Promise>>(operations: () => TQueries, queryOptions?: Record<string, unknown>) => Promise<PromiseTuple<TQueries>>;
    declare const list: {
        /* List all model definitions */
        models: DeepCallable<ListQuery[keyof ListQuery], Array<Model>>;
    };
    declare const createSyntaxFactory: (options: QueryHandlerOptions | (() => QueryHandlerOptions)) => {
        get: typeof get;
        count: typeof count;
        set: typeof set;
        add: typeof add;
        remove: typeof remove;
        list: typeof list;
        create: typeof import("ronin").create;
        alter: typeof import("ronin").alter;
        drop: typeof import("ronin").drop;
        batch: typeof import("ronin").batch;
        sql: typeof import("ronin").sql;
        sqlBatch: typeof import("ronin").sqlBatch;
    };
    export default function (options: QueryHandlerOptions | (() => QueryHandlerOptions)): {
        get: typeof get;
        count: typeof count;
        set: typeof set;
        add: typeof add;
        remove: typeof remove;
        list: typeof list;
        create: typeof import("ronin").create;
        alter: typeof import("ronin").alter;
        drop: typeof import("ronin").drop;
        batch: typeof import("ronin").batch;
        sql: typeof import("ronin").sql;
        sqlBatch: typeof import("ronin").sqlBatch;
    };
}
"
`;

exports[`generate with no models 1`] = `
"import type { AddQuery, CountQuery, GetQuery, ListQuery, Model, RemoveQuery, SetQuery } from "shiro-compiler";
import type { DeepCallable, ResultRecord } from "shiro-syntax/queries";
import type { PromiseTuple, QueryHandlerOptions } from "ronin/types";
declare module "ronin" {
    declare const get: {};
    declare const count: {};
    declare const set: {};
    declare const add: {};
    declare const remove: {};
    declare const batch: <TQueries extends [
        Promise,
        ...Array<Promise>
    ] | Array<Promise>>(operations: () => TQueries, queryOptions?: Record<string, unknown>) => Promise<PromiseTuple<TQueries>>;
    declare const list: {
        /* List all model definitions */
        models: DeepCallable<ListQuery[keyof ListQuery], Array<Model>>;
    };
    declare const createSyntaxFactory: (options: QueryHandlerOptions | (() => QueryHandlerOptions)) => {
        get: typeof get;
        count: typeof count;
        set: typeof set;
        add: typeof add;
        remove: typeof remove;
        list: typeof list;
        create: typeof import("ronin").create;
        alter: typeof import("ronin").alter;
        drop: typeof import("ronin").drop;
        batch: typeof import("ronin").batch;
        sql: typeof import("ronin").sql;
        sqlBatch: typeof import("ronin").sqlBatch;
    };
    export default function (options: QueryHandlerOptions | (() => QueryHandlerOptions)): {
        get: typeof get;
        count: typeof count;
        set: typeof set;
        add: typeof add;
        remove: typeof remove;
        list: typeof list;
        create: typeof import("ronin").create;
        alter: typeof import("ronin").alter;
        drop: typeof import("ronin").drop;
        batch: typeof import("ronin").batch;
        sql: typeof import("ronin").sql;
        sqlBatch: typeof import("ronin").sqlBatch;
    };
}
"
`;
